# serializer version: 1
# name: test_cves
  '''
  I'm listing your 5 most critical CVEs.
  
   1. CVE-1337-7331 has a Critical impact on 1234 systems [Details](/insights/vulnerability/cves/CVE-1337-7331)
  
  To see more of your vulnerabilities, visit the Vulnerability UI [here](/insights/vulnerability/cves).
  '''
# ---
# name: test_cves_none
  "You don't have any CVEs."
# ---
